// Jest Snapshot v1, https://goo.gl/fbAQLP

exports[`renderUtils render renders view 1`] = `
<Provider
  store={{}}
>
  <Connect(View)
    configService="someConfig"
  />
</Provider>
`;
